=== QUEUE ===
wp-img-auto-sizes-contain => inline/unknown
wp-emoji-styles => inline/unknown
woocommerce-layout => https://beslock.com.co/wp-content/plugins/woocommerce/assets/css/woocommerce-layout.css
woocommerce-smallscreen => https://beslock.com.co/wp-content/plugins/woocommerce/assets/css/woocommerce-smallscreen.css
woocommerce-general => https://beslock.com.co/wp-content/plugins/woocommerce/assets/css/woocommerce.css
woocommerce-inline => inline/unknown
cmplz-general => https://beslock.com.co/wp-content/plugins/complianz-gdpr/assets/css/cookieblocker.min.css
cookieadmin-style => https://beslock.com.co/wp-content/plugins/cookieadmin/assets/css/consent.css
brands-styles => https://beslock.com.co/wp-content/plugins/woocommerce/assets/css/brands.css
beslock-main-style => https://beslock.com.co/wp-content/themes/beslock-custom/assets/css/main.css
beslock-bootstrap-icons => https://cdn.jsdelivr.net/npm/bootstrap-icons@1.13.1/font/bootstrap-icons.min.css
beslock-menu-products-mobile => https://beslock.com.co/wp-content/themes/beslock-custom/assets/css/menu-products-mobile.css
beslock-models-mobile => https://beslock.com.co/wp-content/themes/beslock-custom/assets/css/models-mobile.css
beslock-product-rotator => https://beslock.com.co/wp-content/themes/beslock-custom/assets/css/product-rotator.css
beslock-header-state-css => https://beslock.com.co/wp-content/themes/beslock-custom/assets/css/header-state.css
beslock-wc-scope-fix => https://beslock.com.co/wp-content/themes/beslock-custom/assets/css/wc-scope-fix.css

=== REGISTERED (selected) ===
colors => 1
common => /wp-admin/css/common.min.css
forms => /wp-admin/css/forms.min.css
admin-menu => /wp-admin/css/admin-menu.min.css
dashboard => /wp-admin/css/dashboard.min.css
list-tables => /wp-admin/css/list-tables.min.css
edit => /wp-admin/css/edit.min.css
revisions => /wp-admin/css/revisions.min.css
media => /wp-admin/css/media.min.css
themes => /wp-admin/css/themes.min.css
about => /wp-admin/css/about.min.css
nav-menus => /wp-admin/css/nav-menus.min.css
widgets => /wp-admin/css/widgets.min.css
site-icon => /wp-admin/css/site-icon.min.css
l10n => /wp-admin/css/l10n.min.css
code-editor => /wp-admin/css/code-editor.min.css
site-health => /wp-admin/css/site-health.min.css
wp-admin => inline/unknown
login => /wp-admin/css/login.min.css
install => /wp-admin/css/install.min.css
wp-color-picker => /wp-admin/css/color-picker.min.css
customize-controls => /wp-admin/css/customize-controls.min.css
customize-widgets => /wp-admin/css/customize-widgets.min.css
customize-nav-menus => /wp-admin/css/customize-nav-menus.min.css
buttons => /wp-includes/css/buttons.min.css
dashicons => /wp-includes/css/dashicons.min.css
admin-bar => /wp-includes/css/admin-bar.min.css
wp-auth-check => /wp-includes/css/wp-auth-check.min.css
editor-buttons => /wp-includes/css/editor.min.css
media-views => /wp-includes/css/media-views.min.css
wp-pointer => /wp-includes/css/wp-pointer.min.css
customize-preview => /wp-includes/css/customize-preview.min.css
wp-empty-template-alert => /wp-includes/css/wp-empty-template-alert.min.css
imgareaselect => /wp-includes/js/imgareaselect/imgareaselect.css
wp-jquery-ui-dialog => /wp-includes/css/jquery-ui-dialog.min.css
mediaelement => /wp-includes/js/mediaelement/mediaelementplayer-legacy.min.css
wp-mediaelement => /wp-includes/js/mediaelement/wp-mediaelement.min.css
thickbox => /wp-includes/js/thickbox/thickbox.css
wp-codemirror => /wp-includes/js/codemirror/codemirror.min.css
deprecated-media => /wp-admin/css/deprecated-media.min.css
farbtastic => /wp-admin/css/farbtastic.min.css
jcrop => /wp-includes/js/jcrop/jquery.Jcrop.min.css
colors-fresh => inline/unknown
open-sans => https://fonts.googleapis.com/css?family=Open+Sans:300italic,400italic,600italic,300,400,600&subset=latin,latin-ext&display=fallback
wp-embed-template-ie => inline/unknown
wp-editor-font => https://fonts.googleapis.com/css?family=Noto+Serif%3A400%2C400i%2C700%2C700i
wp-reset-editor-styles => /wp-includes/css/dist/block-library/reset.min.css
wp-editor-classic-layout-styles => /wp-includes/css/dist/edit-post/classic.min.css
wp-block-editor-content => /wp-includes/css/dist/block-editor/content.min.css
wp-edit-blocks => /wp-includes/css/dist/block-library/editor.min.css
wp-block-editor => /wp-includes/css/dist/block-editor/style.min.css
wp-block-directory => /wp-includes/css/dist/block-directory/style.min.css
wp-components => /wp-includes/css/dist/components/style.min.css
wp-commands => /wp-includes/css/dist/commands/style.min.css
wp-edit-post => /wp-includes/css/dist/edit-post/style.min.css
wp-editor => /wp-includes/css/dist/editor/style.min.css
wp-format-library => /wp-includes/css/dist/format-library/style.min.css
wp-list-reusable-blocks => /wp-includes/css/dist/list-reusable-blocks/style.min.css
wp-reusable-blocks => /wp-includes/css/dist/reusable-blocks/style.min.css
wp-patterns => /wp-includes/css/dist/patterns/style.min.css
wp-preferences => /wp-includes/css/dist/preferences/style.min.css
wp-nux => /wp-includes/css/dist/nux/style.min.css
wp-widgets => /wp-includes/css/dist/widgets/style.min.css
wp-edit-widgets => /wp-includes/css/dist/edit-widgets/style.min.css
wp-customize-widgets => /wp-includes/css/dist/customize-widgets/style.min.css
wp-edit-site => /wp-includes/css/dist/edit-site/style.min.css
wp-block-accordion-theme => inline/unknown
wp-block-accordion => https://beslock.com.co/wp-includes/blocks/accordion/style.min.css
wp-block-accordion-editor => inline/unknown
wp-block-accordion-heading-theme => inline/unknown
wp-block-accordion-heading => https://beslock.com.co/wp-includes/blocks/accordion-heading/style.min.css
wp-block-accordion-heading-editor => inline/unknown
wp-block-accordion-item-theme => inline/unknown
wp-block-accordion-item => https://beslock.com.co/wp-includes/blocks/accordion-item/style.min.css
wp-block-accordion-item-editor => inline/unknown
wp-block-accordion-panel-theme => inline/unknown
wp-block-accordion-panel => https://beslock.com.co/wp-includes/blocks/accordion-panel/style.min.css
wp-block-accordion-panel-editor => inline/unknown
wp-block-archives-theme => inline/unknown
wp-block-archives => https://beslock.com.co/wp-includes/blocks/archives/style.min.css
wp-block-archives-editor => https://beslock.com.co/wp-includes/blocks/archives/editor.min.css
wp-block-audio-theme => https://beslock.com.co/wp-includes/blocks/audio/theme.min.css
wp-block-audio => https://beslock.com.co/wp-includes/blocks/audio/style.min.css
wp-block-audio-editor => https://beslock.com.co/wp-includes/blocks/audio/editor.min.css
wp-block-avatar-theme => inline/unknown
wp-block-avatar => https://beslock.com.co/wp-includes/blocks/avatar/style.min.css
wp-block-avatar-editor => https://beslock.com.co/wp-includes/blocks/avatar/editor.min.css
wp-block-block-theme => inline/unknown
wp-block-block => inline/unknown
wp-block-block-editor => inline/unknown
wp-block-button-theme => inline/unknown
wp-block-button => https://beslock.com.co/wp-includes/blocks/button/style.min.css
wp-block-button-editor => https://beslock.com.co/wp-includes/blocks/button/editor.min.css
wp-block-buttons-theme => inline/unknown
wp-block-buttons => https://beslock.com.co/wp-includes/blocks/buttons/style.min.css
wp-block-buttons-editor => https://beslock.com.co/wp-includes/blocks/buttons/editor.min.css
wp-block-calendar-theme => inline/unknown
wp-block-calendar => https://beslock.com.co/wp-includes/blocks/calendar/style.min.css
wp-block-calendar-editor => inline/unknown
wp-block-categories-theme => inline/unknown
wp-block-categories => https://beslock.com.co/wp-includes/blocks/categories/style.min.css
wp-block-categories-editor => https://beslock.com.co/wp-includes/blocks/categories/editor.min.css
wp-block-code-theme => https://beslock.com.co/wp-includes/blocks/code/theme.min.css
wp-block-code => https://beslock.com.co/wp-includes/blocks/code/style.min.css
wp-block-code-editor => https://beslock.com.co/wp-includes/blocks/code/editor.min.css
wp-block-column-theme => inline/unknown
wp-block-column => inline/unknown
wp-block-column-editor => inline/unknown
wp-block-columns-theme => inline/unknown
wp-block-columns => https://beslock.com.co/wp-includes/blocks/columns/style.min.css
wp-block-columns-editor => https://beslock.com.co/wp-includes/blocks/columns/editor.min.css
wp-block-comment-author-name-theme => inline/unknown
wp-block-comment-author-name => https://beslock.com.co/wp-includes/blocks/comment-author-name/style.min.css
wp-block-comment-author-name-editor => inline/unknown
wp-block-comment-content-theme => inline/unknown
wp-block-comment-content => https://beslock.com.co/wp-includes/blocks/comment-content/style.min.css
wp-block-comment-content-editor => inline/unknown
wp-block-comment-date-theme => inline/unknown
wp-block-comment-date => https://beslock.com.co/wp-includes/blocks/comment-date/style.min.css
wp-block-comment-date-editor => inline/unknown
wp-block-comment-edit-link-theme => inline/unknown
wp-block-comment-edit-link => https://beslock.com.co/wp-includes/blocks/comment-edit-link/style.min.css
wp-block-comment-edit-link-editor => inline/unknown
wp-block-comment-reply-link-theme => inline/unknown
wp-block-comment-reply-link => https://beslock.com.co/wp-includes/blocks/comment-reply-link/style.min.css
wp-block-comment-reply-link-editor => inline/unknown
wp-block-comment-template-theme => inline/unknown
wp-block-comment-template => https://beslock.com.co/wp-includes/blocks/comment-template/style.min.css
wp-block-comment-template-editor => inline/unknown
wp-block-comments-theme => inline/unknown
wp-block-comments => https://beslock.com.co/wp-includes/blocks/comments/style.min.css
wp-block-comments-editor => https://beslock.com.co/wp-includes/blocks/comments/editor.min.css
wp-block-comments-pagination-theme => inline/unknown
wp-block-comments-pagination => https://beslock.com.co/wp-includes/blocks/comments-pagination/style.min.css
wp-block-comments-pagination-editor => https://beslock.com.co/wp-includes/blocks/comments-pagination/editor.min.css
wp-block-comments-pagination-next-theme => inline/unknown
wp-block-comments-pagination-next => inline/unknown
wp-block-comments-pagination-next-editor => inline/unknown
wp-block-comments-pagination-numbers-theme => inline/unknown
wp-block-comments-pagination-numbers => inline/unknown
wp-block-comments-pagination-numbers-editor => https://beslock.com.co/wp-includes/blocks/comments-pagination-numbers/editor.min.css
wp-block-comments-pagination-previous-theme => inline/unknown
wp-block-comments-pagination-previous => inline/unknown
wp-block-comments-pagination-previous-editor => inline/unknown
wp-block-comments-title-theme => inline/unknown
wp-block-comments-title => inline/unknown
wp-block-comments-title-editor => https://beslock.com.co/wp-includes/blocks/comments-title/editor.min.css
wp-block-cover-theme => inline/unknown
wp-block-cover => https://beslock.com.co/wp-includes/blocks/cover/style.min.css
wp-block-cover-editor => https://beslock.com.co/wp-includes/blocks/cover/editor.min.css
wp-block-details-theme => inline/unknown
wp-block-details => https://beslock.com.co/wp-includes/blocks/details/style.min.css
wp-block-details-editor => https://beslock.com.co/wp-includes/blocks/details/editor.min.css
wp-block-embed-theme => https://beslock.com.co/wp-includes/blocks/embed/theme.min.css
wp-block-embed => https://beslock.com.co/wp-includes/blocks/embed/style.min.css
wp-block-embed-editor => https://beslock.com.co/wp-includes/blocks/embed/editor.min.css
wp-block-file-theme => inline/unknown
wp-block-file => https://beslock.com.co/wp-includes/blocks/file/style.min.css
wp-block-file-editor => https://beslock.com.co/wp-includes/blocks/file/editor.min.css
wp-block-footnotes-theme => inline/unknown
wp-block-footnotes => https://beslock.com.co/wp-includes/blocks/footnotes/style.min.css
wp-block-footnotes-editor => inline/unknown
wp-block-freeform-theme => inline/unknown
wp-block-freeform => inline/unknown
wp-block-freeform-editor => https://beslock.com.co/wp-includes/blocks/freeform/editor.min.css
wp-block-gallery-theme => https://beslock.com.co/wp-includes/blocks/gallery/theme.min.css
wp-block-gallery => https://beslock.com.co/wp-includes/blocks/gallery/style.min.css
wp-block-gallery-editor => https://beslock.com.co/wp-includes/blocks/gallery/editor.min.css
wp-block-group-theme => https://beslock.com.co/wp-includes/blocks/group/theme.min.css
wp-block-group => https://beslock.com.co/wp-includes/blocks/group/style.min.css
wp-block-group-editor => https://beslock.com.co/wp-includes/blocks/group/editor.min.css
wp-block-heading-theme => inline/unknown
wp-block-heading => https://beslock.com.co/wp-includes/blocks/heading/style.min.css
wp-block-heading-editor => inline/unknown
wp-block-home-link-theme => inline/unknown
wp-block-home-link => inline/unknown
wp-block-home-link-editor => inline/unknown
wp-block-html-theme => inline/unknown
wp-block-html => inline/unknown
wp-block-html-editor => https://beslock.com.co/wp-includes/blocks/html/editor.min.css
wp-block-image-theme => https://beslock.com.co/wp-includes/blocks/image/theme.min.css
wp-block-image => https://beslock.com.co/wp-includes/blocks/image/style.min.css
wp-block-image-editor => https://beslock.com.co/wp-includes/blocks/image/editor.min.css
wp-block-latest-comments-theme => inline/unknown
wp-block-latest-comments => https://beslock.com.co/wp-includes/blocks/latest-comments/style.min.css
wp-block-latest-comments-editor => inline/unknown
wp-block-latest-posts-theme => inline/unknown
wp-block-latest-posts => https://beslock.com.co/wp-includes/blocks/latest-posts/style.min.css
wp-block-latest-posts-editor => https://beslock.com.co/wp-includes/blocks/latest-posts/editor.min.css
wp-block-legacy-widget-theme => inline/unknown
wp-block-legacy-widget => inline/unknown
wp-block-legacy-widget-editor => inline/unknown
wp-block-list-theme => inline/unknown
wp-block-list => https://beslock.com.co/wp-includes/blocks/list/style.min.css
wp-block-list-editor => inline/unknown
wp-block-list-item-theme => inline/unknown
wp-block-list-item => inline/unknown
wp-block-list-item-editor => inline/unknown
wp-block-loginout-theme => inline/unknown
wp-block-loginout => https://beslock.com.co/wp-includes/blocks/loginout/style.min.css
wp-block-loginout-editor => inline/unknown
wp-block-math-theme => inline/unknown
wp-block-math => https://beslock.com.co/wp-includes/blocks/math/style.min.css
wp-block-math-editor => https://beslock.com.co/wp-includes/blocks/math/editor.min.css
wp-block-media-text-theme => inline/unknown
wp-block-media-text => https://beslock.com.co/wp-includes/blocks/media-text/style.min.css
wp-block-media-text-editor => https://beslock.com.co/wp-includes/blocks/media-text/editor.min.css
wp-block-missing-theme => inline/unknown
wp-block-missing => inline/unknown
wp-block-missing-editor => inline/unknown
wp-block-more-theme => inline/unknown
wp-block-more => inline/unknown
wp-block-more-editor => https://beslock.com.co/wp-includes/blocks/more/editor.min.css
wp-block-navigation-theme => inline/unknown
wp-block-navigation => https://beslock.com.co/wp-includes/blocks/navigation/style.min.css
wp-block-navigation-editor => https://beslock.com.co/wp-includes/blocks/navigation/editor.min.css
wp-block-navigation-link-theme => inline/unknown
wp-block-navigation-link => https://beslock.com.co/wp-includes/blocks/navigation-link/style.min.css
wp-block-navigation-link-editor => https://beslock.com.co/wp-includes/blocks/navigation-link/editor.min.css
wp-block-navigation-submenu-theme => inline/unknown
wp-block-navigation-submenu => inline/unknown
wp-block-navigation-submenu-editor => https://beslock.com.co/wp-includes/blocks/navigation-submenu/editor.min.css
wp-block-nextpage-theme => inline/unknown
wp-block-nextpage => inline/unknown
wp-block-nextpage-editor => https://beslock.com.co/wp-includes/blocks/nextpage/editor.min.css
wp-block-page-list-theme => inline/unknown
wp-block-page-list => https://beslock.com.co/wp-includes/blocks/page-list/style.min.css
wp-block-page-list-editor => https://beslock.com.co/wp-includes/blocks/page-list/editor.min.css
wp-block-page-list-item-theme => inline/unknown
wp-block-paragraph-theme => inline/unknown
wp-block-paragraph => https://beslock.com.co/wp-includes/blocks/paragraph/style.min.css
wp-block-paragraph-editor => https://beslock.com.co/wp-includes/blocks/paragraph/editor.min.css
wp-block-pattern-theme => inline/unknown
wp-block-pattern => inline/unknown
wp-block-pattern-editor => inline/unknown
wp-block-post-author-theme => inline/unknown
wp-block-post-author => https://beslock.com.co/wp-includes/blocks/post-author/style.min.css
wp-block-post-author-editor => inline/unknown
wp-block-post-author-biography-theme => inline/unknown
wp-block-post-author-biography => https://beslock.com.co/wp-includes/blocks/post-author-biography/style.min.css
wp-block-post-author-biography-editor => inline/unknown
wp-block-post-author-name-theme => inline/unknown
wp-block-post-author-name => https://beslock.com.co/wp-includes/blocks/post-author-name/style.min.css
wp-block-post-author-name-editor => inline/unknown
wp-block-post-comments-count-theme => inline/unknown
wp-block-post-comments-count => https://beslock.com.co/wp-includes/blocks/post-comments-count/style.min.css
wp-block-post-comments-count-editor => inline/unknown
wp-block-post-comments-form-theme => inline/unknown
wp-block-post-comments-form-editor => https://beslock.com.co/wp-includes/blocks/post-comments-form/editor.min.css
wp-block-post-comments-link-theme => inline/unknown
wp-block-post-comments-link => https://beslock.com.co/wp-includes/blocks/post-comments-link/style.min.css
wp-block-post-comments-link-editor => inline/unknown
wp-block-post-content-theme => inline/unknown
wp-block-post-content => https://beslock.com.co/wp-includes/blocks/post-content/style.min.css
wp-block-post-content-editor => inline/unknown
wp-block-post-date-theme => inline/unknown
wp-block-post-date => https://beslock.com.co/wp-includes/blocks/post-date/style.min.css
wp-block-post-date-editor => inline/unknown
wp-block-post-excerpt-theme => inline/unknown
wp-block-post-excerpt => https://beslock.com.co/wp-includes/blocks/post-excerpt/style.min.css
wp-block-post-excerpt-editor => https://beslock.com.co/wp-includes/blocks/post-excerpt/editor.min.css
wp-block-post-featured-image-theme => inline/unknown
wp-block-post-featured-image => https://beslock.com.co/wp-includes/blocks/post-featured-image/style.min.css
wp-block-post-featured-image-editor => https://beslock.com.co/wp-includes/blocks/post-featured-image/editor.min.css
wp-block-post-navigation-link-theme => inline/unknown
wp-block-post-navigation-link => https://beslock.com.co/wp-includes/blocks/post-navigation-link/style.min.css
wp-block-post-navigation-link-editor => inline/unknown
wp-block-post-template-theme => inline/unknown
wp-block-post-template => https://beslock.com.co/wp-includes/blocks/post-template/style.min.css
wp-block-post-template-editor => inline/unknown
wp-block-post-terms-theme => inline/unknown
wp-block-post-terms => https://beslock.com.co/wp-includes/blocks/post-terms/style.min.css
wp-block-post-terms-editor => inline/unknown
wp-block-post-time-to-read-theme => inline/unknown
wp-block-post-time-to-read => https://beslock.com.co/wp-includes/blocks/post-time-to-read/style.min.css
wp-block-post-time-to-read-editor => inline/unknown
wp-block-post-title-theme => inline/unknown
wp-block-post-title => https://beslock.com.co/wp-includes/blocks/post-title/style.min.css
wp-block-post-title-editor => inline/unknown
wp-block-preformatted-theme => inline/unknown
wp-block-preformatted => https://beslock.com.co/wp-includes/blocks/preformatted/style.min.css
wp-block-preformatted-editor => inline/unknown
wp-block-pullquote-theme => https://beslock.com.co/wp-includes/blocks/pullquote/theme.min.css
wp-block-pullquote => https://beslock.com.co/wp-includes/blocks/pullquote/style.min.css
wp-block-pullquote-editor => https://beslock.com.co/wp-includes/blocks/pullquote/editor.min.css
wp-block-query-theme => inline/unknown
wp-block-query => inline/unknown
wp-block-query-editor => https://beslock.com.co/wp-includes/blocks/query/editor.min.css
wp-block-query-no-results-theme => inline/unknown
wp-block-query-no-results => inline/unknown
wp-block-query-no-results-editor => inline/unknown
wp-block-query-pagination-theme => inline/unknown
wp-block-query-pagination => https://beslock.com.co/wp-includes/blocks/query-pagination/style.min.css
wp-block-query-pagination-editor => https://beslock.com.co/wp-includes/blocks/query-pagination/editor.min.css
wp-block-query-pagination-next-theme => inline/unknown
wp-block-query-pagination-next => inline/unknown
wp-block-query-pagination-next-editor => inline/unknown
wp-block-query-pagination-numbers-theme => inline/unknown
wp-block-query-pagination-numbers => inline/unknown
wp-block-query-pagination-numbers-editor => https://beslock.com.co/wp-includes/blocks/query-pagination-numbers/editor.min.css
wp-block-query-pagination-previous-theme => inline/unknown
wp-block-query-pagination-previous => inline/unknown
wp-block-query-pagination-previous-editor => inline/unknown
wp-block-query-title-theme => inline/unknown
wp-block-query-title => https://beslock.com.co/wp-includes/blocks/query-title/style.min.css
wp-block-query-title-editor => inline/unknown
wp-block-query-total-theme => inline/unknown
wp-block-query-total => https://beslock.com.co/wp-includes/blocks/query-total/style.min.css
wp-block-query-total-editor => inline/unknown
wp-block-quote-theme => https://beslock.com.co/wp-includes/blocks/quote/theme.min.css
wp-block-quote => https://beslock.com.co/wp-includes/blocks/quote/style.min.css
wp-block-quote-editor => inline/unknown
wp-block-read-more-theme => inline/unknown
wp-block-read-more => https://beslock.com.co/wp-includes/blocks/read-more/style.min.css
wp-block-read-more-editor => inline/unknown
wp-block-rss-theme => inline/unknown
wp-block-rss => https://beslock.com.co/wp-includes/blocks/rss/style.min.css
wp-block-rss-editor => https://beslock.com.co/wp-includes/blocks/rss/editor.min.css
wp-block-search-theme => https://beslock.com.co/wp-includes/blocks/search/theme.min.css
wp-block-search => https://beslock.com.co/wp-includes/blocks/search/style.min.css
wp-block-search-editor => https://beslock.com.co/wp-includes/blocks/search/editor.min.css
wp-block-separator-theme => https://beslock.com.co/wp-includes/blocks/separator/theme.min.css
wp-block-separator => https://beslock.com.co/wp-includes/blocks/separator/style.min.css
wp-block-separator-editor => https://beslock.com.co/wp-includes/blocks/separator/editor.min.css
wp-block-shortcode-theme => inline/unknown
wp-block-shortcode => inline/unknown
wp-block-shortcode-editor => https://beslock.com.co/wp-includes/blocks/shortcode/editor.min.css
wp-block-site-logo-theme => inline/unknown
wp-block-site-logo => https://beslock.com.co/wp-includes/blocks/site-logo/style.min.css
wp-block-site-logo-editor => https://beslock.com.co/wp-includes/blocks/site-logo/editor.min.css
wp-block-site-tagline-theme => inline/unknown
wp-block-site-tagline => https://beslock.com.co/wp-includes/blocks/site-tagline/style.min.css
wp-block-site-tagline-editor => https://beslock.com.co/wp-includes/blocks/site-tagline/editor.min.css
wp-block-site-title-theme => inline/unknown
wp-block-site-title => https://beslock.com.co/wp-includes/blocks/site-title/style.min.css
wp-block-site-title-editor => https://beslock.com.co/wp-includes/blocks/site-title/editor.min.css
wp-block-social-link-theme => inline/unknown
wp-block-social-link => inline/unknown
wp-block-social-link-editor => https://beslock.com.co/wp-includes/blocks/social-link/editor.min.css
wp-block-social-links-theme => inline/unknown
wp-block-social-links => https://beslock.com.co/wp-includes/blocks/social-links/style.min.css
wp-block-social-links-editor => https://beslock.com.co/wp-includes/blocks/social-links/editor.min.css
wp-block-spacer-theme => inline/unknown
wp-block-spacer => https://beslock.com.co/wp-includes/blocks/spacer/style.min.css
wp-block-spacer-editor => https://beslock.com.co/wp-includes/blocks/spacer/editor.min.css
wp-block-table-theme => https://beslock.com.co/wp-includes/blocks/table/theme.min.css
wp-block-table => https://beslock.com.co/wp-includes/blocks/table/style.min.css
wp-block-table-editor => https://beslock.com.co/wp-includes/blocks/table/editor.min.css
wp-block-tag-cloud-theme => inline/unknown
wp-block-tag-cloud => https://beslock.com.co/wp-includes/blocks/tag-cloud/style.min.css
wp-block-tag-cloud-editor => https://beslock.com.co/wp-includes/blocks/tag-cloud/editor.min.css
wp-block-template-part-theme => https://beslock.com.co/wp-includes/blocks/template-part/theme.min.css
wp-block-template-part => inline/unknown
wp-block-template-part-editor => https://beslock.com.co/wp-includes/blocks/template-part/editor.min.css
wp-block-term-count-theme => inline/unknown
wp-block-term-count => https://beslock.com.co/wp-includes/blocks/term-count/style.min.css
wp-block-term-count-editor => inline/unknown
wp-block-term-description-theme => inline/unknown
wp-block-term-description => https://beslock.com.co/wp-includes/blocks/term-description/style.min.css
wp-block-term-description-editor => inline/unknown
wp-block-term-name-theme => inline/unknown
wp-block-term-name => https://beslock.com.co/wp-includes/blocks/term-name/style.min.css
wp-block-term-name-editor => inline/unknown
wp-block-term-template-theme => inline/unknown
wp-block-term-template => https://beslock.com.co/wp-includes/blocks/term-template/style.min.css
wp-block-term-template-editor => https://beslock.com.co/wp-includes/blocks/term-template/editor.min.css
wp-block-terms-query-theme => inline/unknown
wp-block-terms-query => inline/unknown
wp-block-terms-query-editor => inline/unknown
wp-block-text-columns-theme => inline/unknown
wp-block-text-columns => https://beslock.com.co/wp-includes/blocks/text-columns/style.min.css
wp-block-text-columns-editor => https://beslock.com.co/wp-includes/blocks/text-columns/editor.min.css
wp-block-verse-theme => inline/unknown
wp-block-verse => https://beslock.com.co/wp-includes/blocks/verse/style.min.css
wp-block-verse-editor => inline/unknown
wp-block-video-theme => https://beslock.com.co/wp-includes/blocks/video/theme.min.css
wp-block-video => https://beslock.com.co/wp-includes/blocks/video/style.min.css
wp-block-video-editor => https://beslock.com.co/wp-includes/blocks/video/editor.min.css
wp-block-widget-group-theme => inline/unknown
wp-block-widget-group => inline/unknown
wp-block-widget-group-editor => inline/unknown
wp-block-page-list-item-editor => inline/unknown
wp-block-page-list-item => inline/unknown
wp-block-post-comments-form => https://beslock.com.co/wp-includes/blocks/post-comments-form/style.min.css
wc-blocks-packages-style => https://beslock.com.co/wp-content/plugins/woocommerce/assets/client/blocks/packages-style.css
wc-blocks-style => https://beslock.com.co/wp-content/plugins/woocommerce/assets/client/blocks/wc-blocks.css
wc-blocks-editor-style => https://beslock.com.co/wp-content/plugins/woocommerce/assets/client/blocks/wc-blocks-editor-style.css
wc-customer-effort-score => https://beslock.com.co/wp-content/plugins/woocommerce/assets/client/admin/customer-effort-score/style.css
wc-blocks-style-active-filters => https://beslock.com.co/wp-content/plugins/woocommerce/assets/client/blocks/active-filters.css
woocommerce-add-to-cart-form-editor-style => https://beslock.com.co/wp-content/plugins/woocommerce/assets/client/blocks/woocommerce/add-to-cart-form-editor.css
woocommerce-add-to-cart-form-style => https://beslock.com.co/wp-content/plugins/woocommerce/assets/client/blocks/woocommerce/add-to-cart-form-style.css
wc-blocks-style-all-products => https://beslock.com.co/wp-content/plugins/woocommerce/assets/client/blocks/all-products.css
wc-blocks-style-all-reviews => https://beslock.com.co/wp-content/plugins/woocommerce/assets/client/blocks/all-reviews.css
wc-blocks-style-attribute-filter => https://beslock.com.co/wp-content/plugins/woocommerce/assets/client/blocks/attribute-filter.css
wc-blocks-style-breadcrumbs => https://beslock.com.co/wp-content/plugins/woocommerce/assets/client/blocks/breadcrumbs.css
wc-blocks-style-cart-link => https://beslock.com.co/wp-content/plugins/woocommerce/assets/client/blocks/cart-link.css
wc-blocks-style-catalog-sorting => https://beslock.com.co/wp-content/plugins/woocommerce/assets/client/blocks/catalog-sorting.css
wc-blocks-style-legacy-template => https://beslock.com.co/wp-content/plugins/woocommerce/assets/client/blocks/legacy-template.css
wc-blocks-style-coming-soon => https://beslock.com.co/wp-content/plugins/woocommerce/assets/client/blocks/coming-soon.css
wc-blocks-style-customer-account => https://beslock.com.co/wp-content/plugins/woocommerce/assets/client/blocks/customer-account.css
wc-blocks-style-featured-category => https://beslock.com.co/wp-content/plugins/woocommerce/assets/client/blocks/featured-category.css
wc-blocks-style-featured-product => https://beslock.com.co/wp-content/plugins/woocommerce/assets/client/blocks/featured-product.css
wc-blocks-style-mini-cart => https://beslock.com.co/wp-content/plugins/woocommerce/assets/client/blocks/mini-cart.css
woocommerce-product-gallery-large-image-next-previous-editor-style => https://beslock.com.co/wp-content/plugins/woocommerce/assets/client/blocks/woocommerce/product-gallery-large-image-next-previous-editor.css
woocommerce-product-gallery-large-image-next-previous-style => https://beslock.com.co/wp-content/plugins/woocommerce/assets/client/blocks/woocommerce/product-gallery-large-image-next-previous-style.css
wc-blocks-style-store-notices => https://beslock.com.co/wp-content/plugins/woocommerce/assets/client/blocks/store-notices.css
wc-blocks-style-payment-method-icons => https://beslock.com.co/wp-content/plugins/woocommerce/assets/client/blocks/payment-method-icons.css
wc-blocks-style-price-filter => https://beslock.com.co/wp-content/plugins/woocommerce/assets/client/blocks/price-filter.css
woocommerce-product-button-style => https://beslock.com.co/wp-content/plugins/woocommerce/assets/client/blocks/woocommerce/product-button-style.css
wc-blocks-style-product-categories => https://beslock.com.co/wp-content/plugins/woocommerce/assets/client/blocks/product-categories.css
woocommerce-product-collection-editor-style => https://beslock.com.co/wp-content/plugins/woocommerce/assets/client/blocks/woocommerce/product-collection-editor.css
woocommerce-product-collection-style => https://beslock.com.co/wp-content/plugins/woocommerce/assets/client/blocks/woocommerce/product-collection-style.css
woocommerce-product-filters-editor-style => https://beslock.com.co/wp-content/plugins/woocommerce/assets/client/blocks/woocommerce/product-filters-editor.css
woocommerce-product-filters-style => https://beslock.com.co/wp-content/plugins/woocommerce/assets/client/blocks/woocommerce/product-filters-style.css
wc-blocks-style-product-filter-status => https://beslock.com.co/wp-content/plugins/woocommerce/assets/client/blocks/product-filter-status.css
woocommerce-product-filter-price-slider-style => https://beslock.com.co/wp-content/plugins/woocommerce/assets/client/blocks/woocommerce/product-filter-price-slider-style.css
wc-blocks-style-product-filter-attribute => https://beslock.com.co/wp-content/plugins/woocommerce/assets/client/blocks/product-filter-attribute.css
wc-blocks-style-product-filter-rating => https://beslock.com.co/wp-content/plugins/woocommerce/assets/client/blocks/product-filter-rating.css
woocommerce-product-filter-removable-chips-style => https://beslock.com.co/wp-content/plugins/woocommerce/assets/client/blocks/woocommerce/product-filter-removable-chips-style.css
wc-blocks-style-product-filter-clear-button => https://beslock.com.co/wp-content/plugins/woocommerce/assets/client/blocks/product-filter-clear-button.css
woocommerce-product-filter-checkbox-list-editor-style => https://beslock.com.co/wp-content/plugins/woocommerce/assets/client/blocks/woocommerce/product-filter-checkbox-list-editor.css
woocommerce-product-filter-checkbox-list-style => https://beslock.com.co/wp-content/plugins/woocommerce/assets/client/blocks/woocommerce/product-filter-checkbox-list-style.css
woocommerce-product-filter-chips-editor-style => https://beslock.com.co/wp-content/plugins/woocommerce/assets/client/blocks/woocommerce/product-filter-chips-editor.css
woocommerce-product-filter-chips-style => https://beslock.com.co/wp-content/plugins/woocommerce/assets/client/blocks/woocommerce/product-filter-chips-style.css
wc-blocks-style-product-filter-taxonomy => https://beslock.com.co/wp-content/plugins/woocommerce/assets/client/blocks/product-filter-taxonomy.css
woocommerce-product-gallery-style => https://beslock.com.co/wp-content/plugins/woocommerce/assets/client/blocks/woocommerce/product-gallery-style.css
woocommerce-product-gallery-large-image-editor-style => https://beslock.com.co/wp-content/plugins/woocommerce/assets/client/blocks/woocommerce/product-gallery-large-image-editor.css
woocommerce-product-gallery-thumbnails-editor-style => https://beslock.com.co/wp-content/plugins/woocommerce/assets/client/blocks/woocommerce/product-gallery-thumbnails-editor.css
wc-blocks-style-product-image => https://beslock.com.co/wp-content/plugins/woocommerce/assets/client/blocks/product-image.css
wc-blocks-style-product-image-gallery => https://beslock.com.co/wp-content/plugins/woocommerce/assets/client/blocks/product-image-gallery.css
woocommerce-product-price-style => https://beslock.com.co/wp-content/plugins/woocommerce/assets/client/blocks/product-price.css
woocommerce-product-template-editor-style => https://beslock.com.co/wp-content/plugins/woocommerce/assets/client/blocks/woocommerce/product-template-editor.css
woocommerce-product-template-style => https://beslock.com.co/wp-content/plugins/woocommerce/assets/client/blocks/woocommerce/product-template-style.css
wc-blocks-style-product-query => https://beslock.com.co/wp-content/plugins/woocommerce/assets/client/blocks/product-query.css
wc-blocks-style-product-rating => https://beslock.com.co/wp-content/plugins/woocommerce/assets/client/blocks/product-rating.css
wc-blocks-style-product-rating-stars => https://beslock.com.co/wp-content/plugins/woocommerce/assets/client/blocks/product-rating-stars.css
wc-blocks-style-product-results-count => https://beslock.com.co/wp-content/plugins/woocommerce/assets/client/blocks/product-results-count.css
wc-blocks-style-product-sale-badge => https://beslock.com.co/wp-content/plugins/woocommerce/assets/client/blocks/product-sale-badge.css
wc-blocks-style-product-search => https://beslock.com.co/wp-content/plugins/woocommerce/assets/client/blocks/product-search.css
wc-blocks-style-product-sku => https://beslock.com.co/wp-content/plugins/woocommerce/assets/client/blocks/product-sku.css
wc-blocks-style-product-summary => https://beslock.com.co/wp-content/plugins/woocommerce/assets/client/blocks/product-summary.css
wc-blocks-style-product-title => https://beslock.com.co/wp-content/plugins/woocommerce/assets/client/blocks/product-title.css
wc-blocks-style-rating-filter => https://beslock.com.co/wp-content/plugins/woocommerce/assets/client/blocks/rating-filter.css
wc-blocks-style-reviews-by-category => https://beslock.com.co/wp-content/plugins/woocommerce/assets/client/blocks/reviews-by-category.css
wc-blocks-style-reviews-by-product => https://beslock.com.co/wp-content/plugins/woocommerce/assets/client/blocks/reviews-by-product.css
wc-blocks-style-stock-filter => https://beslock.com.co/wp-content/plugins/woocommerce/assets/client/blocks/stock-filter.css
wc-blocks-style-order-confirmation-status => https://beslock.com.co/wp-content/plugins/woocommerce/assets/client/blocks/order-confirmation-status.css
wc-blocks-style-order-confirmation-summary => https://beslock.com.co/wp-content/plugins/woocommerce/assets/client/blocks/order-confirmation-summary.css
wc-blocks-style-order-confirmation-totals => https://beslock.com.co/wp-content/plugins/woocommerce/assets/client/blocks/order-confirmation-totals.css
wc-blocks-style-order-confirmation-downloads => https://beslock.com.co/wp-content/plugins/woocommerce/assets/client/blocks/order-confirmation-downloads.css
wc-blocks-style-order-confirmation-billing-address => https://beslock.com.co/wp-content/plugins/woocommerce/assets/client/blocks/order-confirmation-billing-address.css
wc-blocks-style-order-confirmation-shipping-address => https://beslock.com.co/wp-content/plugins/woocommerce/assets/client/blocks/order-confirmation-shipping-address.css
wc-blocks-style-order-confirmation-additional-information => https://beslock.com.co/wp-content/plugins/woocommerce/assets/client/blocks/order-confirmation-additional-information.css
wc-blocks-style-order-confirmation-additional-fields-wrapper => https://beslock.com.co/wp-content/plugins/woocommerce/assets/client/blocks/order-confirmation-additional-fields-wrapper.css
wc-blocks-style-order-confirmation-additional-fields => https://beslock.com.co/wp-content/plugins/woocommerce/assets/client/blocks/order-confirmation-additional-fields.css
wc-blocks-style-order-confirmation-create-account => https://beslock.com.co/wp-content/plugins/woocommerce/assets/client/blocks/order-confirmation-create-account.css
wc-blocks-style-product-details => https://beslock.com.co/wp-content/plugins/woocommerce/assets/client/blocks/product-details.css
wc-blocks-style-product-specifications => https://beslock.com.co/wp-content/plugins/woocommerce/assets/client/blocks/product-specifications.css
woocommerce-accordion-group-style => https://beslock.com.co/wp-content/plugins/woocommerce/assets/client/blocks/woocommerce/accordion-group-style.css
wc-blocks-style-product-reviews-title => https://beslock.com.co/wp-content/plugins/woocommerce/assets/client/blocks/product-reviews-title.css
woocommerce-product-review-form-editor-style => https://beslock.com.co/wp-content/plugins/woocommerce/assets/client/blocks/woocommerce/product-review-form-editor.css
woocommerce-product-review-form-style => https://beslock.com.co/wp-content/plugins/woocommerce/assets/client/blocks/woocommerce/product-review-form-style.css
wc-blocks-style-product-review-date => https://beslock.com.co/wp-content/plugins/woocommerce/assets/client/blocks/product-review-date.css
wc-blocks-style-product-review-content => https://beslock.com.co/wp-content/plugins/woocommerce/assets/client/blocks/product-review-content.css
wc-blocks-style-product-review-author-name => https://beslock.com.co/wp-content/plugins/woocommerce/assets/client/blocks/product-review-author-name.css
wc-blocks-style-product-reviews-pagination => https://beslock.com.co/wp-content/plugins/woocommerce/assets/client/blocks/product-reviews-pagination.css
wc-blocks-style-product-review-template => https://beslock.com.co/wp-content/plugins/woocommerce/assets/client/blocks/product-review-template.css
wc-blocks-style-cart => https://beslock.com.co/wp-content/plugins/woocommerce/assets/client/blocks/cart.css
wc-blocks-style-checkout => https://beslock.com.co/wp-content/plugins/woocommerce/assets/client/blocks/checkout.css
wc-blocks-style-mini-cart-contents => https://beslock.com.co/wp-content/plugins/woocommerce/assets/client/blocks/mini-cart-contents.css
jetpack-connection => https://beslock.com.co/wp-content/plugins/woocommerce/vendor/automattic/jetpack-connection/dist/jetpack-connection.css?minify=false
wp-img-auto-sizes-contain => inline/unknown
wp-emoji-styles => inline/unknown
photoswipe => https://beslock.com.co/wp-content/plugins/woocommerce/assets/css/photoswipe/photoswipe.min.css
photoswipe-default-skin => https://beslock.com.co/wp-content/plugins/woocommerce/assets/css/photoswipe/default-skin/default-skin.min.css
select2 => https://beslock.com.co/wp-content/plugins/woocommerce/assets/css/select2.css
woocommerce_prettyPhoto_css => https://beslock.com.co/wp-content/plugins/woocommerce/assets/css/prettyPhoto.css
woocommerce-layout => https://beslock.com.co/wp-content/plugins/woocommerce/assets/css/woocommerce-layout.css
woocommerce-smallscreen => https://beslock.com.co/wp-content/plugins/woocommerce/assets/css/woocommerce-smallscreen.css
woocommerce-general => https://beslock.com.co/wp-content/plugins/woocommerce/assets/css/woocommerce.css
woocommerce-inline => inline/unknown
cmplz-general => https://beslock.com.co/wp-content/plugins/complianz-gdpr/assets/css/cookieblocker.min.css
cookieadmin-style => https://beslock.com.co/wp-content/plugins/cookieadmin/assets/css/consent.css
brands-styles => https://beslock.com.co/wp-content/plugins/woocommerce/assets/css/brands.css
beslock-main-style => https://beslock.com.co/wp-content/themes/beslock-custom/assets/css/main.css
beslock-bootstrap-icons => https://cdn.jsdelivr.net/npm/bootstrap-icons@1.13.1/font/bootstrap-icons.min.css
beslock-menu-products-mobile => https://beslock.com.co/wp-content/themes/beslock-custom/assets/css/menu-products-mobile.css
beslock-models-mobile => https://beslock.com.co/wp-content/themes/beslock-custom/assets/css/models-mobile.css
beslock-product-rotator => https://beslock.com.co/wp-content/themes/beslock-custom/assets/css/product-rotator.css
beslock-header-state-css => https://beslock.com.co/wp-content/themes/beslock-custom/assets/css/header-state.css
beslock-wc-scope-fix => https://beslock.com.co/wp-content/themes/beslock-custom/assets/css/wc-scope-fix.css